// Jest Snapshot v1, https://goo.gl/fbAQLP

exports[`should render correctly 1`] = `
<div
  className="ui basic buttons"
>
  <button
    className="ui button"
    disabled={undefined}
    onClick={[Function]}
    role="button"
    tabIndex={undefined}
  >
    °C
  </button>
  <div
    className="or"
    data-text={undefined}
  />
  <button
    className="ui active button"
    disabled={undefined}
    onClick={[Function]}
    role="button"
    tabIndex={undefined}
  >
    °F
  </button>
</div>
`;
